2026-08-05 00:15:13 INFO  [RMI TCP Connection(2)-127.0.0.1] o.s.b.a.SpringApplicationAdminMXBeanRegistrar$SpringApplicationAdmin - Application shutdown requested.
2026-08-05 00:15:14 INFO  [RMI TCP Connection(2)-127.0.0.1] o.s.b.w.e.tomcat.GracefulShutdown - Commencing graceful shutdown. Waiting for active requests to complete
2026-08-05 00:15:14 INFO  [tomcat-shutdown] o.s.b.w.e.tomcat.GracefulShutdown - Graceful shutdown complete
2026-08-05 00:15:16 INFO  [main] c.b.n.NotificationServiceApplication - Starting NotificationServiceApplication using Java 21.0.8 with PID 9688 (D:\spring boot\banking-system\notification-service\notification-service\target\classes started by jangd in D:\spring boot\banking-system\notification-service\notification-service)
2026-08-05 00:15:16 INFO  [main] c.b.n.NotificationServiceApplication - No active profile set, falling back to 1 default profile: "default"
2026-08-05 00:15:17 INFO  [main] o.s.b.w.e.tomcat.TomcatWebServer - Tomcat initialized with port 8085 (http)
2026-08-05 00:15:18 INFO  [main] o.a.catalina.core.StandardService - Starting service [Tomcat]
2026-08-05 00:15:18 INFO  [main] o.a.catalina.core.StandardEngine - Starting Servlet engine: [Apache Tomcat/10.1.48]
2026-08-05 00:15:18 INFO  [main] o.a.c.c.C.[Tomcat].[localhost].[/] - Initializing Spring embedded WebApplicationContext
2026-08-05 00:15:18 INFO  [main] o.s.b.w.s.c.ServletWebServerApplicationContext - Root WebApplicationContext: initialization completed in 1235 ms
2026-08-05 00:15:18 INFO  [main] o.s.b.a.e.web.EndpointLinksResolver - Exposing 2 endpoints beneath base path '/actuator'
2026-08-05 00:15:19 INFO  [main] o.s.b.w.e.tomcat.TomcatWebServer - Tomcat started on port 8085 (http) with context path '/'
2026-08-05 00:15:19 INFO  [main] c.b.n.NotificationServiceApplication - Started NotificationServiceApplication in 3.281 seconds (process running for 4.149)
2026-08-05 16:29:48 INFO  [RMI TCP Connection(2)-127.0.0.1] o.s.b.a.SpringApplicationAdminMXBeanRegistrar$SpringApplicationAdmin - Application shutdown requested.
2026-08-05 16:29:48 INFO  [RMI TCP Connection(2)-127.0.0.1] o.s.b.w.e.tomcat.GracefulShutdown - Commencing graceful shutdown. Waiting for active requests to complete
2026-08-05 16:29:48 INFO  [tomcat-shutdown] o.s.b.w.e.tomcat.GracefulShutdown - Graceful shutdown complete
2026-08-05 16:29:50 INFO  [main] c.b.n.NotificationServiceApplication - Starting NotificationServiceApplication using Java 21.0.8 with PID 31536 (D:\spring boot\banking-system\notification-service\notification-service\target\classes started by jangd in D:\spring boot\banking-system\notification-service\notification-service)
2026-08-05 16:29:50 INFO  [main] c.b.n.NotificationServiceApplication - No active profile set, falling back to 1 default profile: "default"
2026-08-05 16:29:51 INFO  [main] o.s.b.w.e.tomcat.TomcatWebServer - Tomcat initialized with port 8085 (http)
2026-08-05 16:29:51 INFO  [main] o.a.catalina.core.StandardService - Starting service [Tomcat]
2026-08-05 16:29:51 INFO  [main] o.a.catalina.core.StandardEngine - Starting Servlet engine: [Apache Tomcat/10.1.48]
2026-08-05 16:29:51 INFO  [main] o.a.c.c.C.[Tomcat].[localhost].[/] - Initializing Spring embedded WebApplicationContext
2026-08-05 16:29:51 INFO  [main] o.s.b.w.s.c.ServletWebServerApplicationContext - Root WebApplicationContext: initialization completed in 743 ms
2026-08-05 16:29:51 INFO  [main] o.s.b.a.e.web.EndpointLinksResolver - Exposing 2 endpoints beneath base path '/actuator'
2026-08-05 16:29:51 INFO  [main] o.s.b.w.e.tomcat.TomcatWebServer - Tomcat started on port 8085 (http) with context path '/'
2026-08-05 16:29:52 INFO  [main] c.b.n.NotificationServiceApplication - Started NotificationServiceApplication in 1.928 seconds (process running for 2.412)
2026-08-05 17:00:47 INFO  [RMI TCP Connection(2)-127.0.0.1] o.s.b.a.SpringApplicationAdminMXBeanRegistrar$SpringApplicationAdmin - Application shutdown requested.
2026-08-05 17:00:47 INFO  [RMI TCP Connection(2)-127.0.0.1] o.s.b.w.e.tomcat.GracefulShutdown - Commencing graceful shutdown. Waiting for active requests to complete
2026-08-05 17:00:47 INFO  [tomcat-shutdown] o.s.b.w.e.tomcat.GracefulShutdown - Graceful shutdown complete
2026-08-05 17:00:49 INFO  [main] c.b.n.NotificationServiceApplication - Starting NotificationServiceApplication using Java 21.0.8 with PID 6312 (D:\spring boot\banking-system\notification-service\notification-service\target\classes started by jangd in D:\spring boot\banking-system\notification-service\notification-service)
2026-08-05 17:00:49 INFO  [main] c.b.n.NotificationServiceApplication - No active profile set, falling back to 1 default profile: "default"
2026-08-05 17:00:50 INFO  [main] o.s.b.w.e.tomcat.TomcatWebServer - Tomcat initialized with port 8085 (http)
2026-08-05 17:00:50 INFO  [main] o.a.catalina.core.StandardService - Starting service [Tomcat]
2026-08-05 17:00:50 INFO  [main] o.a.catalina.core.StandardEngine - Starting Servlet engine: [Apache Tomcat/10.1.48]
2026-08-05 17:00:50 INFO  [main] o.a.c.c.C.[Tomcat].[localhost].[/] - Initializing Spring embedded WebApplicationContext
2026-08-05 17:00:50 INFO  [main] o.s.b.w.s.c.ServletWebServerApplicationContext - Root WebApplicationContext: initialization completed in 724 ms
2026-08-05 17:00:50 INFO  [main] o.s.b.a.e.web.EndpointLinksResolver - Exposing 2 endpoints beneath base path '/actuator'
2026-08-05 17:00:51 INFO  [main] o.s.b.w.e.tomcat.TomcatWebServer - Tomcat started on port 8085 (http) with context path '/'
2026-08-05 17:00:51 INFO  [main] c.b.n.NotificationServiceApplication - Started NotificationServiceApplication in 1.903 seconds (process running for 2.417)
2026-08-05 17:56:08 INFO  [org.springframework.kafka.KafkaListenerEndpointContainer#5-0-C-1] c.b.n.service.NotificationService - Received transaction.completed event: {amount=20.0, receiverAccountNumber=000533084565, description=test transfer, transactionId=15674c32-5984-4521-8d4a-437176d12e1c, senderAccountNumber=709025665451}
2026-08-05 17:56:08 ERROR [org.springframework.kafka.KafkaListenerEndpointContainer#5-0-C-1] c.b.n.service.NotificationService - Error while sending transaction notification
2026-08-05 22:40:56 INFO  [org.springframework.kafka.KafkaListenerEndpointContainer#5-0-C-1] c.b.n.service.NotificationService - Received transaction.completed event: {amount=20.0, receiverAccountNumber=000533084565, description=test transfer, transactionId=d4eaeb30-130c-46b9-a151-fc6dec036200, senderAccountNumber=709025665451}
2026-08-05 22:40:56 ERROR [org.springframework.kafka.KafkaListenerEndpointContainer#5-0-C-1] c.b.n.service.NotificationService - Error while sending transaction notification
2026-08-05 22:44:07 INFO  [RMI TCP Connection(2)-127.0.0.1] o.s.b.a.SpringApplicationAdminMXBeanRegistrar$SpringApplicationAdmin - Application shutdown requested.
2026-08-05 22:44:07 INFO  [RMI TCP Connection(2)-127.0.0.1] o.s.b.w.e.tomcat.GracefulShutdown - Commencing graceful shutdown. Waiting for active requests to complete
2026-08-05 22:44:07 INFO  [tomcat-shutdown] o.s.b.w.e.tomcat.GracefulShutdown - Graceful shutdown complete
2026-08-05 22:44:10 INFO  [main] c.b.n.NotificationServiceApplication - Starting NotificationServiceApplication using Java 21.0.8 with PID 26996 (D:\spring boot\banking-system\notification-service\notification-service\target\classes started by jangd in D:\spring boot\banking-system\notification-service\notification-service)
2026-08-05 22:44:10 INFO  [main] c.b.n.NotificationServiceApplication - No active profile set, falling back to 1 default profile: "default"
2026-08-05 22:44:11 INFO  [main] o.s.b.w.e.tomcat.TomcatWebServer - Tomcat initialized with port 8085 (http)
2026-08-05 22:44:11 INFO  [main] o.a.catalina.core.StandardService - Starting service [Tomcat]
2026-08-05 22:44:11 INFO  [main] o.a.catalina.core.StandardEngine - Starting Servlet engine: [Apache Tomcat/10.1.48]
2026-08-05 22:44:11 INFO  [main] o.a.c.c.C.[Tomcat].[localhost].[/] - Initializing Spring embedded WebApplicationContext
2026-08-05 22:44:11 INFO  [main] o.s.b.w.s.c.ServletWebServerApplicationContext - Root WebApplicationContext: initialization completed in 1107 ms
2026-08-05 22:44:12 INFO  [main] o.s.b.a.e.web.EndpointLinksResolver - Exposing 2 endpoints beneath base path '/actuator'
2026-08-05 22:44:12 INFO  [main] o.s.b.w.e.tomcat.TomcatWebServer - Tomcat started on port 8085 (http) with context path '/'
2026-08-05 22:44:12 INFO  [main] c.b.n.NotificationServiceApplication - Started NotificationServiceApplication in 2.871 seconds (process running for 3.658)
2026-08-05 22:44:16 INFO  [org.springframework.kafka.KafkaListenerEndpointContainer#0-0-C-1] c.b.n.service.NotificationService - Received transaction.completed event: {amount=20.0, receiverAccountNumber=000533084565, description=test transfer, transactionId=afb50da4-75de-49f8-9092-ff1ebaad5072, senderAccountNumber=709025665451}
2026-08-05 22:44:16 INFO  [org.springframework.kafka.KafkaListenerEndpointContainer#0-0-C-1] c.b.n.service.NotificationService - ------------------------------------
2026-08-05 22:44:16 INFO  [org.springframework.kafka.KafkaListenerEndpointContainer#0-0-C-1] c.b.n.service.NotificationService - Account : 709025665451 
2026-08-05 22:44:16 INFO  [org.springframework.kafka.KafkaListenerEndpointContainer#0-0-C-1] c.b.n.service.NotificationService - Subject : DEBIT ALERT
2026-08-05 22:44:16 INFO  [org.springframework.kafka.KafkaListenerEndpointContainer#0-0-C-1] c.b.n.service.NotificationService - Message :20.0 debited from account 709025665451
2026-08-05 22:44:16 INFO  [org.springframework.kafka.KafkaListenerEndpointContainer#0-0-C-1] c.b.n.service.NotificationService - -------------------------------------------
2026-08-05 22:44:16 INFO  [org.springframework.kafka.KafkaListenerEndpointContainer#0-0-C-1] c.b.n.service.NotificationService - ------------------------------------
2026-08-05 22:44:16 INFO  [org.springframework.kafka.KafkaListenerEndpointContainer#0-0-C-1] c.b.n.service.NotificationService - Account : 000533084565 
2026-08-05 22:44:16 INFO  [org.springframework.kafka.KafkaListenerEndpointContainer#0-0-C-1] c.b.n.service.NotificationService - Subject : Credit ALERT
2026-08-05 22:44:16 INFO  [org.springframework.kafka.KafkaListenerEndpointContainer#0-0-C-1] c.b.n.service.NotificationService - Message :20.0 credited from account 000533084565
2026-08-05 22:44:16 INFO  [org.springframework.kafka.KafkaListenerEndpointContainer#0-0-C-1] c.b.n.service.NotificationService - -------------------------------------------
2026-08-05 22:45:07 INFO  [org.springframework.kafka.KafkaListenerEndpointContainer#0-0-C-1] c.b.n.service.NotificationService - Received transaction.completed event: {amount=20.0, receiverAccountNumber=000533084565, description=test transfer, transactionId=53b81e2d-2b18-4079-8125-d1ba80a70b16, senderAccountNumber=709025665451}
2026-08-05 22:45:07 INFO  [org.springframework.kafka.KafkaListenerEndpointContainer#0-0-C-1] c.b.n.service.NotificationService - ------------------------------------
2026-08-05 22:45:07 INFO  [org.springframework.kafka.KafkaListenerEndpointContainer#0-0-C-1] c.b.n.service.NotificationService - Account : 709025665451 
2026-08-05 22:45:07 INFO  [org.springframework.kafka.KafkaListenerEndpointContainer#0-0-C-1] c.b.n.service.NotificationService - Subject : DEBIT ALERT
2026-08-05 22:45:07 INFO  [org.springframework.kafka.KafkaListenerEndpointContainer#0-0-C-1] c.b.n.service.NotificationService - Message :20.0 debited from account 709025665451
2026-08-05 22:45:07 INFO  [org.springframework.kafka.KafkaListenerEndpointContainer#0-0-C-1] c.b.n.service.NotificationService - -------------------------------------------
2026-08-05 22:45:07 INFO  [org.springframework.kafka.KafkaListenerEndpointContainer#0-0-C-1] c.b.n.service.NotificationService - ------------------------------------
2026-08-05 22:45:07 INFO  [org.springframework.kafka.KafkaListenerEndpointContainer#0-0-C-1] c.b.n.service.NotificationService - Account : 000533084565 
2026-08-05 22:45:07 INFO  [org.springframework.kafka.KafkaListenerEndpointContainer#0-0-C-1] c.b.n.service.NotificationService - Subject : Credit ALERT
2026-08-05 22:45:07 INFO  [org.springframework.kafka.KafkaListenerEndpointContainer#0-0-C-1] c.b.n.service.NotificationService - Message :20.0 credited from account 000533084565
2026-08-05 22:45:07 INFO  [org.springframework.kafka.KafkaListenerEndpointContainer#0-0-C-1] c.b.n.service.NotificationService - -------------------------------------------
